// Jest Snapshot v1, https://goo.gl/fbAQLP

exports[`RecipePage component renders a .RecipePage by default 1`] = `
<p>
  Readying your recipe!
</p>
`;
