// Jest Snapshot v1, https://goo.gl/fbAQLP

exports[`Nav component renders a .Nav by default 1`] = `
<div>
  <nav
    role="full-horizontal"
  >
    <ul
      id="navbar"
    >
      <li>
        <Link
          to="/mykitchen"
        >
          My Kitchen
        </Link>
      </li>
      <li>
        <Link
          to="/postrecipe"
        >
          Post a Recipe
        </Link>
      </li>
      <li>
        <Link
          to="/search"
        >
          Search Recipes
        </Link>
      </li>
    </ul>
  </nav>
</div>
`;
